SELECT bool_and(success) FROM citus_check_cluster_node_health();
 bool_and
---------------------------------------------------------------------
 t
(1 row)

